Testing say_my_name function:
******************************

>>> say_my_name("John", "Doe")
My name is John Doe

>>> say_my_name("John", "")
My name is John 

>>> say_my_name("", "Doe")
My name is  Doe

>>> say_my_name("John")
My name is John 

>>> say_my_name(123, "Doe")
Traceback (most recent call last):
    ...
TypeError: first_name must be a string

>>> say_my_name("John", 123)
Traceback (most recent call last):
    ...
TypeError: last_name must be a string


